>>> say_my_name = __import__('3-say_my_name').say_my_name

>>> say_my_name("John", "Smith")
My name is John Smith

>>> say_my_name("Walter", "White")
My name is Walter White

>>> say_my_name("Bob")
My name is Bob

>>> say_my_name("Bob", "")
My name is Bob

>>> try:
    say_my_name(123, "Bob")
    except TypeError as e:
        print(e)
first_name must be a string

>>> try:
    say_my_name("Bob", 234)
    except TypeError as e:
        print(e)
last_name must be a string

>>> say_my_name("", "")
My name is 